// Jest Snapshot v1, https://goo.gl/fbAQLP

exports[`ItineraryCard should render correctly 1`] = `
<Row
  className="itinerary-card m-0 mb-5 bg-light"
  tag="div"
  widths={
    Array [
      "xs",
      "sm",
      "md",
      "lg",
      "xl",
      "xxl",
    ]
  }
>
  <Col
    className="m-0 py-3 bg-dark text-white"
    lg={1}
    md={2}
    tag="div"
    widths={
      Array [
        "xs",
        "sm",
        "md",
        "lg",
        "xl",
        "xxl",
      ]
    }
    xs={12}
  >
    <span
      className="itinerary-card__date"
    >
      03/24
    </span>
    <br />
    <span
      className="text-uppercase"
    >
      Thu
    </span>
  </Col>
  <Col
    className="d-flex flex-column justify-content-center px-4 py-3"
    lg={11}
    md={10}
    tag="div"
    widths={
      Array [
        "xs",
        "sm",
        "md",
        "lg",
        "xl",
        "xxl",
      ]
    }
    xs={12}
  />
</Row>
`;
